2025-05-08 14:09:09 INFO  TC06_EmpList:19 - *** TC06 - Started ***
2025-05-08 14:19:31 INFO  TC06_EmpList:19 - *** TC06 - Started ***
2025-05-08 14:19:37 INFO  TC06_EmpList:31 - Employmentstatus: Freelance
2025-05-08 14:19:49 INFO  TC06_EmpList:43 - 123445 34
2025-05-08 14:19:49 INFO  TC06_EmpList:43 - 99N75 425
2025-05-08 14:19:49 INFO  TC06_EmpList:43 - A8DCo 4Ys
2025-05-08 14:19:49 INFO  TC06_EmpList:43 - Admin
2025-05-08 14:19:49 INFO  TC06_EmpList:43 - Admin
2025-05-08 14:19:49 INFO  TC06_EmpList:43 - Admin
2025-05-08 14:19:49 INFO  TC06_EmpList:43 - Admin
2025-05-08 14:19:49 INFO  TC06_EmpList:43 - Admin
2025-05-08 14:19:49 INFO  TC06_EmpList:43 - Admin
2025-05-08 14:19:49 INFO  TC06_EmpList:43 - Admin
2025-05-08 14:19:49 INFO  TC06_EmpList:43 - Admin
2025-05-08 14:19:49 INFO  TC06_EmpList:43 - Admin
2025-05-08 14:19:49 INFO  TC06_EmpList:43 - Admin
2025-05-08 14:19:49 INFO  TC06_EmpList:43 - Akshay
2025-05-08 14:19:49 INFO  TC06_EmpList:43 - Akshay
2025-05-08 14:19:49 INFO  TC06_EmpList:43 - Amelia
2025-05-08 14:19:49 INFO  TC06_EmpList:43 - aniket t
2025-05-08 14:19:49 INFO  TC06_EmpList:43 - Ash J
2025-05-08 14:19:49 INFO  TC06_EmpList:43 - bala kumar
2025-05-08 14:19:49 INFO  TC06_EmpList:43 - bmrtahvwhibmrtahvwhi
2025-05-08 14:19:49 INFO  TC06_EmpList:43 - Bug KIller
2025-05-08 14:19:49 INFO  TC06_EmpList:43 - Charles
2025-05-08 14:19:49 INFO  TC06_EmpList:43 - Charlotte
2025-05-08 14:19:49 INFO  TC06_EmpList:43 - Christopher
2025-05-08 14:19:49 INFO  TC06_EmpList:43 - dhbrukkuzldhbrukkuzl
2025-05-08 14:19:49 INFO  TC06_EmpList:43 - DHINA KARAN
2025-05-08 14:19:49 INFO  TC06_EmpList:43 - Emily
2025-05-08 14:19:49 INFO  TC06_EmpList:43 - FirstNameDVU
2025-05-08 14:19:49 INFO  TC06_EmpList:43 - FirstNameDVU
2025-05-08 14:19:49 INFO  TC06_EmpList:43 - FirstNameDVU
2025-05-08 14:19:49 INFO  TC06_EmpList:43 - FName Mname
2025-05-08 14:19:49 INFO  TC06_EmpList:43 - ftdkux
2025-05-08 14:19:49 INFO  TC06_EmpList:43 - fthnvn
2025-05-08 14:19:49 INFO  TC06_EmpList:43 - fthnvn
2025-05-08 14:19:49 INFO  TC06_EmpList:43 - fthyfv
2025-05-08 14:19:49 INFO  TC06_EmpList:43 - ftioiu
2025-05-08 14:19:49 INFO  TC06_EmpList:43 - ftioiu
2025-05-08 14:19:49 INFO  TC06_EmpList:43 - ftioiu
2025-05-08 14:19:49 INFO  TC06_EmpList:43 - ftioiu
2025-05-08 14:19:49 INFO  TC06_EmpList:43 - ftndlm
2025-05-08 14:19:49 INFO  TC06_EmpList:43 - ftpjte
2025-05-08 14:19:49 INFO  TC06_EmpList:43 - ftyseo
2025-05-08 14:19:49 INFO  TC06_EmpList:43 - ftyseo
2025-05-08 14:19:49 INFO  TC06_EmpList:43 - ftyseo
2025-05-08 14:19:49 INFO  TC06_EmpList:43 - ftyseo
2025-05-08 14:19:49 INFO  TC06_EmpList:43 - ftyseo
2025-05-08 14:19:49 INFO  TC06_EmpList:43 - ftyseo
2025-05-08 14:19:49 INFO  TC06_EmpList:43 - Guru Pavan
2025-05-08 14:19:49 INFO  TC06_EmpList:43 - hari sudhan
2025-05-08 14:19:49 INFO  TC06_EmpList:43 - hh
2025-05-08 14:19:49 INFO  TC06_EmpList:31 - Employmentstatus: Full-Time Contract
2025-05-08 14:19:52 INFO  TC06_EmpList:43 - Rebecca
2025-05-08 14:19:52 INFO  TC06_EmpList:31 - Employmentstatus: Full-Time Permanent
2025-05-08 14:19:54 INFO  TC06_EmpList:43 - Guru Pavan
2025-05-08 14:19:54 INFO  TC06_EmpList:43 - Russel
2025-05-08 14:19:54 INFO  TC06_EmpList:43 - Sania
2025-05-08 14:19:54 INFO  TC06_EmpList:43 - Sara
2025-05-08 14:19:54 INFO  TC06_EmpList:31 - Employmentstatus: Full-Time Probation
2025-05-08 14:19:56 INFO  TC06_EmpList:43 - Peter Mac
2025-05-08 14:19:56 INFO  TC06_EmpList:31 - Employmentstatus: Part-Time Contract
2025-05-08 14:19:58 INFO  TC06_EmpList:38 - → No Records Found
2025-05-08 14:19:58 INFO  TC06_EmpList:31 - Employmentstatus: Part-Time Internship
2025-05-08 14:20:01 INFO  TC06_EmpList:38 - → No Records Found
